// Jest Snapshot v1, https://goo.gl/fbAQLP

exports[`sorts items correctly 1`] = `
Array [
  Object {
    "id": 2,
    "popularity": 100,
  },
  Object {
    "id": 3,
    "popularity": 50,
  },
  Object {
    "id": 1,
    "popularity": 1,
  },
]
`;
